// Vitest Snapshot v1, https://vitest.dev/guide/snapshot.html

exports[`SanitizedMarkdown (XSS hardening — invariant 5) > the rehype pipeline is raw → sanitize → harden with the locked options (snapshot) 1`] = `
[
  "rehypeRaw",
  [
    "rehypeSanitize",
    {
      "ancestors": {
        "tbody": [
          "table",
        ],
        "td": [
          "table",
        ],
        "tfoot": [
          "table",
        ],
        "th": [
          "table",
        ],
        "thead": [
          "table",
        ],
        "tr": [
          "table",
        ],
      },
      "attributes": {
        "*": [
          "abbr",
          "accept",
          "acceptCharset",
          "accessKey",
          "action",
          "align",
          "alt",
          "axis",
          "border",
          "cellPadding",
          "cellSpacing",
          "char",
          "charOff",
          "charSet",
          "checked",
          "clear",
          "colSpan",
          "color",
          "cols",
          "compact",
          "coords",
          "dateTime",
          "dir",
          "encType",
          "frame",
          "hSpace",
          "headers",
          "height",
          "hrefLang",
          "htmlFor",
          "id",
          "isMap",
          "itemProp",
          "label",
          "lang",
          "maxLength",
          "media",
          "method",
          "multiple",
          "name",
          "noHref",
          "noShade",
          "noWrap",
          "open",
          "prompt",
          "readOnly",
          "rev",
          "rowSpan",
          "rows",
          "rules",
          "scope",
          "selected",
          "shape",
          "size",
          "span",
          "start",
          "summary",
          "tabIndex",
          "title",
          "useMap",
          "vAlign",
          "value",
          "width",
        ],
        "a": [
          "ariaDescribedBy",
          "ariaLabel",
          "ariaLabelledBy",
          "dataFootnoteBackref",
          "dataFootnoteRef",
          [
            "className",
            "data-footnote-backref",
          ],
          "href",
          [
            "target",
            "_blank",
          ],
          [
            "rel",
            "noreferrer",
          ],
        ],
        "blockquote": [
          "cite",
        ],
        "code": [
          [
            "className",
            /\\^language-\\./,
          ],
        ],
        "del": [
          "cite",
        ],
        "div": [
          "itemScope",
          "itemType",
        ],
        "dl": [
          "ariaDescribedBy",
          "ariaLabel",
          "ariaLabelledBy",
        ],
        "h2": [
          [
            "className",
            "sr-only",
          ],
        ],
        "img": [
          "ariaDescribedBy",
          "ariaLabel",
          "ariaLabelledBy",
          "longDesc",
          "src",
        ],
        "input": [
          [
            "disabled",
            true,
          ],
          [
            "type",
            "checkbox",
          ],
        ],
        "ins": [
          "cite",
        ],
        "li": [
          [
            "className",
            "task-list-item",
          ],
        ],
        "ol": [
          "ariaDescribedBy",
          "ariaLabel",
          "ariaLabelledBy",
          [
            "className",
            "contains-task-list",
          ],
        ],
        "q": [
          "cite",
        ],
        "section": [
          "dataFootnotes",
          [
            "className",
            "footnotes",
          ],
        ],
        "source": [
          "srcSet",
        ],
        "summary": [
          "ariaDescribedBy",
          "ariaLabel",
          "ariaLabelledBy",
        ],
        "table": [
          "ariaDescribedBy",
          "ariaLabel",
          "ariaLabelledBy",
        ],
        "ul": [
          "ariaDescribedBy",
          "ariaLabel",
          "ariaLabelledBy",
          [
            "className",
            "contains-task-list",
          ],
        ],
      },
      "clobber": [
        "ariaDescribedBy",
        "ariaLabelledBy",
        "id",
        "name",
      ],
      "clobberPrefix": "user-content-",
      "protocols": {
        "cite": [
          "http",
          "https",
        ],
        "href": [
          "https",
        ],
        "longDesc": [
          "http",
          "https",
        ],
        "src": [
          "http",
          "https",
        ],
      },
      "required": {
        "input": {
          "disabled": true,
          "type": "checkbox",
        },
      },
      "strip": [
        "script",
      ],
      "tagNames": [
        "a",
        "b",
        "blockquote",
        "br",
        "code",
        "dd",
        "del",
        "details",
        "div",
        "dl",
        "dt",
        "em",
        "h1",
        "h2",
        "h3",
        "h4",
        "h5",
        "h6",
        "hr",
        "i",
        "ins",
        "kbd",
        "li",
        "ol",
        "p",
        "picture",
        "pre",
        "q",
        "rp",
        "rt",
        "ruby",
        "s",
        "samp",
        "section",
        "source",
        "span",
        "strike",
        "strong",
        "sub",
        "summary",
        "sup",
        "table",
        "tbody",
        "td",
        "tfoot",
        "th",
        "thead",
        "tr",
        "tt",
        "ul",
        "var",
      ],
    },
  ],
  [
    "harden",
    {
      "allowDataImages": false,
      "allowedImagePrefixes": [],
      "allowedLinkPrefixes": [
        "https://",
      ],
      "allowedProtocols": [
        "https",
      ],
    },
  ],
]
`;
